// Jest Snapshot v1, https://goo.gl/fbAQLP

exports[`TableRow should render an array cell as a series of divs 1`] = `
<th
  class="MuiTableCell-root MuiTableCell-alignRight"
  data-testid="pokemon-type"
  scope="row"
>
  <div>
    first type
  </div>
  <div>
    second type
  </div>
</th>
`;
